{"type":"server-started","port":50119,"host":"127.0.0.1","url_host":"localhost","url":"http://localhost:50119","screen_dir":"/Users/eduardo/Documents/repos/refigan/.superpowers/brainstorm/49792-1778033803/content","state_dir":"/Users/eduardo/Documents/repos/refigan/.superpowers/brainstorm/49792-1778033803/state"}
{"type":"screen-added","file":"/Users/eduardo/Documents/repos/refigan/.superpowers/brainstorm/49792-1778033803/content/dashboard-paradigm.html"}
{"type":"screen-updated","file":"/Users/eduardo/Documents/repos/refigan/.superpowers/brainstorm/49792-1778033803/content/dashboard-paradigm.html"}
{"type":"screen-updated","file":"/Users/eduardo/Documents/repos/refigan/.superpowers/brainstorm/49792-1778033803/content/dashboard-paradigm.html"}
{"type":"screen-updated","file":"/Users/eduardo/Documents/repos/refigan/.superpowers/brainstorm/49792-1778033803/content/dashboard-paradigm.html"}
{"source":"user-event","type":"click","text":"PROSPECTOROICAP RATEINVERSIÓNSCORE\n      \n      \n        Lote Centro 9811380\n        47%\n        9.0%\n        $7.3M\n        ★★★★★\n      \n      \n        Casa Centro Aramberri\n        28%\n        7.0%\n        $5.8M\n        ★★★★☆\n      \n      \n        Casa Centro Edison\n        22%\n        6.9%\n        $3.2M\n        ★★★☆☆\n      \n      \n        Casco SPGG\n        18%\n        —\n        $8.4M\n        ★★☆☆☆\n      \n    \n    \n      A — Analytics Table\n      Ranked list of all prospects, sortable by any metric. Best for comparing many opportunities head-to-head. Data-dense, fast to scan. Data quality flags inline.","choice":"a","id":null,"timestamp":1778033973552}
{"type":"screen-added","file":"/Users/eduardo/Documents/repos/refigan/.superpowers/brainstorm/49792-1778033803/content/layout-map-table.html"}
{"type":"screen-updated","file":"/Users/eduardo/Documents/repos/refigan/.superpowers/brainstorm/49792-1778033803/content/layout-map-table.html"}
{"type":"screen-updated","file":"/Users/eduardo/Documents/repos/refigan/.superpowers/brainstorm/49792-1778033803/content/layout-map-table.html"}
{"type":"screen-updated","file":"/Users/eduardo/Documents/repos/refigan/.superpowers/brainstorm/49792-1778033803/content/layout-map-table.html"}
{"source":"user-event","type":"click","text":"Tabla\n          Mapa\n          Calidad\n        \n        \n        \n          \n            PROSPECTOROICAPINV\n          \n          \n            Lote 9811380\n            47%\n            9%\n            $7.3M\n          \n          \n            Aramberri\n            28%\n            7%\n            $5.8M\n          \n        \n      \n    \n    \n      B — Tabs (switch views)\n      One tab = full table, one tab = full map, one tab = data quality. Full screen real estate per view. Best for phone use — each screen has a clear job.","choice":"b","id":null,"timestamp":1778034133635}
{"type":"screen-added","file":"/Users/eduardo/Documents/repos/refigan/.superpowers/brainstorm/49792-1778033803/content/ranking.html"}
{"type":"screen-updated","file":"/Users/eduardo/Documents/repos/refigan/.superpowers/brainstorm/49792-1778033803/content/ranking.html"}
{"type":"screen-updated","file":"/Users/eduardo/Documents/repos/refigan/.superpowers/brainstorm/49792-1778033803/content/ranking.html"}
{"type":"screen-updated","file":"/Users/eduardo/Documents/repos/refigan/.superpowers/brainstorm/49792-1778033803/content/ranking.html"}
{"type":"screen-added","file":"/Users/eduardo/Documents/repos/refigan/.superpowers/brainstorm/49792-1778033803/content/detail-view.html"}
{"type":"screen-updated","file":"/Users/eduardo/Documents/repos/refigan/.superpowers/brainstorm/49792-1778033803/content/detail-view.html"}
{"type":"screen-updated","file":"/Users/eduardo/Documents/repos/refigan/.superpowers/brainstorm/49792-1778033803/content/detail-view.html"}
{"type":"screen-updated","file":"/Users/eduardo/Documents/repos/refigan/.superpowers/brainstorm/49792-1778033803/content/detail-view.html"}
{"type":"screen-added","file":"/Users/eduardo/Documents/repos/refigan/.superpowers/brainstorm/49792-1778033803/content/waiting-1.html"}
{"type":"screen-updated","file":"/Users/eduardo/Documents/repos/refigan/.superpowers/brainstorm/49792-1778033803/content/waiting-1.html"}
{"type":"screen-updated","file":"/Users/eduardo/Documents/repos/refigan/.superpowers/brainstorm/49792-1778033803/content/waiting-1.html"}
{"type":"screen-updated","file":"/Users/eduardo/Documents/repos/refigan/.superpowers/brainstorm/49792-1778033803/content/waiting-1.html"}
{"type":"screen-added","file":"/Users/eduardo/Documents/repos/refigan/.superpowers/brainstorm/49792-1778033803/content/design-overview.html"}
{"type":"screen-updated","file":"/Users/eduardo/Documents/repos/refigan/.superpowers/brainstorm/49792-1778033803/content/design-overview.html"}
{"type":"screen-updated","file":"/Users/eduardo/Documents/repos/refigan/.superpowers/brainstorm/49792-1778033803/content/design-overview.html"}
{"type":"screen-updated","file":"/Users/eduardo/Documents/repos/refigan/.superpowers/brainstorm/49792-1778033803/content/design-overview.html"}
{"type":"server-stopped","reason":"idle timeout"}
